// Jest Snapshot v1, https://goo.gl/fbAQLP

exports[`c8 merges reports from subprocesses together 1`] = `
",first

second

--------------------|----------|----------|----------|----------|-------------------|
File                |  % Stmts | % Branch |  % Funcs |  % Lines | Uncovered Line #s |
--------------------|----------|----------|----------|----------|-------------------|
All files           |       80 |    70.31 |    74.07 |       80 |                   |
 bin                |    85.71 |    66.67 |      100 |    85.71 |                   |
  c8.js             |    85.71 |    66.67 |      100 |    85.71 |    25,32,33,34,35 |
 lib                |    94.98 |    57.14 |      100 |    94.98 |                   |
  parse-args.js     |    95.83 |    41.67 |      100 |    95.83 |       58,59,72,73 |
  report.js         |    94.41 |    65.22 |      100 |    94.41 |... 01,127,128,129 |
 lib/commands       |    34.62 |    83.33 |    14.29 |    34.62 |                   |
  check-coverage.js |    15.38 |      100 |        0 |    15.38 |... 73,74,75,76,77 |
  report.js         |    92.31 |       75 |    33.33 |    92.31 |             10,11 |
 test/fixtures      |    95.16 |    94.12 |    85.71 |    95.16 |                   |
  async.js          |      100 |      100 |      100 |      100 |                   |
  multiple-spawn.js |      100 |      100 |      100 |      100 |                   |
  normal.js         |    85.71 |       75 |       50 |    85.71 |          14,15,16 |
  subprocess.js     |      100 |      100 |      100 |      100 |                   |
--------------------|----------|----------|----------|----------|-------------------|
,"
`;

exports[`c8 reports coverage for script that exits normally 1`] = `
",hey
i am a line of code
what
hey
what
hey
what
hey
-----------|----------|----------|----------|----------|-------------------|
File       |  % Stmts | % Branch |  % Funcs |  % Lines | Uncovered Line #s |
-----------|----------|----------|----------|----------|-------------------|
All files  |    91.18 |    88.89 |       80 |    91.18 |                   |
 async.js  |      100 |      100 |      100 |      100 |                   |
 normal.js |    85.71 |       75 |       50 |    85.71 |          14,15,16 |
-----------|----------|----------|----------|----------|-------------------|
,"
`;
